[48;2;0;0;0m╭────────────────────────────────────────────────╮[m
[48;2;0;0;0m│                                                │[m
[48;2;0;0;0m│  Sort tree                                     │[m
[48;2;0;0;0m│  ────────────────────────────────────────────  │[m
[48;2;0;0;0m│    ○ Default (status)                          │[m
[48;2;0;0;0m│    ○ Priority ↑  urgent first                  │[m
[48;2;0;0;0m│    ● Priority ↓  backlog first  ←              │[m
[48;2;0;0;0m│    ○ Created ↓  newest first                   │[m
[48;2;0;0;0m│    ○ Created ↑  oldest first                   │[m
[48;2;0;0;0m│    ○ Updated ↓  newest first                   │[m
[48;2;0;0;0m│    ○ Updated ↑  oldest first                   │[m
[48;2;0;0;0m│                                                │[m
[48;2;0;0;0m╰────────────────────────────────────────────────╯[m